{"tool":"pest","result":"failed","tests":1,"passed":0,"assertions":3,"duration_ms":5117,"failed":1,"failures":[{"test":"P\\Tests\\Feature\\ManagementPlanManagementTest::__pest_evaluable_view_file_route_displays_a_file_inline_if_it_exists__or_returns_404","file":"\\laragon\\www\\cds-system\\tests\\Feature\\ManagementPlanManagementTest.php","line":74,"message":"Failed asserting that false is identical to 'dummy pdf content'."}]}
